// Jest Snapshot v1, https://goo.gl/fbAQLP

exports[`Header matches snapshot 1`] = `
<div
  className="sc-bxivhb igcOnr"
>
  <img
    alt="Logo"
    className="sc-bZQynM fSermK"
    src="connect5_logo_main.jpg"
  />
  <div
    className="sc-EHOje eLNQHg"
  >
    <a
      href="/"
      onClick={[Function]}
    >
      <i
        className="fas fa-home sc-ifAKCX bmGznW"
      />
    </a>
  </div>
</div>
`;
