// Jest Snapshot v1, https://goo.gl/fbAQLP

exports[`Dashboard matches snapshot 1`] = `
<h1>
  Loading your details...
</h1>
`;
