// Jest Snapshot v1, https://goo.gl/fbAQLP

exports[`Navbar matches snapshot 1`] = `
<div
  className="sc-bdVaJa cOwiPj"
>
  <parent>
    <a
      aria-current={null}
      className="sc-htpNat jkoPwQ"
      href="/trainer/dashboard"
      onClick={[Function]}
    >
      <div
        className="sc-bxivhb gbUEuT"
      >
        <i
          className="fas fa-home sc-ifAKCX kIzMkQ"
        />
      </div>
      <div>
        <span
          className="sc-EHOje dcbQTt"
        >
          Home
        </span>
      </div>
    </a>
  </parent>
  <parent>
    <a
      aria-current={null}
      className="sc-htpNat jkoPwQ"
      href="/overview-results"
      onClick={[Function]}
    >
      <div
        className="sc-bxivhb gbUEuT"
      >
        <i
          className="fas fa-poll-h sc-ifAKCX kIzMkQ"
        />
      </div>
      <div>
        <span
          className="sc-EHOje dcbQTt"
        >
          Results
        </span>
      </div>
    </a>
  </parent>
  <parent>
    <a
      aria-current={null}
      className="sc-htpNat jkoPwQ"
      href="/view-sessions"
      onClick={[Function]}
    >
      <div
        className="sc-bxivhb gbUEuT"
      >
        <i
          className="fas fa-list-alt sc-ifAKCX kIzMkQ"
        />
      </div>
      <div>
        <span
          className="sc-EHOje dcbQTt"
        >
          Sessions
        </span>
      </div>
    </a>
  </parent>
  <parent>
    <a
      aria-current={null}
      className="sc-htpNat jkoPwQ"
      href="/create-session"
      onClick={[Function]}
    >
      <div
        className="sc-bxivhb gbUEuT"
      >
        <i
          className="fas fa-plus-circle sc-ifAKCX kIzMkQ"
        />
      </div>
      <div>
        <span
          className="sc-bZQynM keeOyE"
        >
          Add
        </span>
      </div>
    </a>
  </parent>
</div>
`;
