// Jest Snapshot v1, https://goo.gl/fbAQLP

exports[`Logout matches snapshot 1`] = `
<div
  className="sc-htpNat cixthU"
>
  <button
    className="sc-bdVaJa krzXQt"
    type="button"
  >
    <i
      className="fas fa-sign-out-alt sc-bwzfXH klZesC"
    />
  </button>
</div>
`;
