// Jest Snapshot v1, https://goo.gl/fbAQLP

exports[`snapshot for 'SessionResults' layout 1`] = `null`;
