// Jest Snapshot v1, https://goo.gl/fbAQLP

exports[`Header matches snapshot 1`] = `
<div
  className="sc-bdVaJa duKoVA"
>
  <div
    className="sc-bwzfXH eItADb"
  >
    <div
      className="sc-htpNat kafyHU"
    >
      <h1
        className="sc-bxivhb eVLUcy"
      >
        Sessions
      </h1>
    </div>
  </div>
  <div
    className="sc-ifAKCX ibWFwJ"
  >
    <div
      className="sc-EHOje cbnCUa"
    >
      <div
        className="sc-bZQynM ebTKbK"
      >
        <div
          className="sc-htoDjs kCnhJU"
        >
          Date
        </div>
        <div
          className="sc-htoDjs kCnhJU"
        >
          Type
        </div>
        <div
          className="sc-htoDjs kCnhJU"
        >
          Details
        </div>
      </div>
    </div>
    <div
      className="sc-dnqmqq fqNGUe"
    />
  </div>
</div>
`;
