// Jest Snapshot v1, https://goo.gl/fbAQLP

exports[`500Page test 1`] = `
<div
  className="sc-bdVaJa cRZeis"
>
  <div
    className="sc-bwzfXH TLLze"
  >
    <h1
      className="sc-htpNat eHvZxp"
    >
      500
    </h1>
  </div>
  <img
    className="sc-bxivhb fzqTJq"
    src="wall.png"
  />
  <div
    className="sc-ifAKCX gpbKZr"
  >
    <h1
      className="sc-EHOje fswOgN"
    >
      Server Error!
    </h1>
    <p
      className="sc-bZQynM jeXpaV"
    >
      Oops! Sorry, an error has occured. Internal Server Error!
    </p>
    <a
      className="sc-gzVnrw kvzfMe"
      href="/"
    >
      Go Home
    </a>
  </div>
</div>
`;
