// Jest Snapshot v1, https://goo.gl/fbAQLP

exports[`Header matches snapshot 1`] = `
<div
  className="sc-bdVaJa eilYpv"
>
  <h1
    className="sc-bwzfXH bVGCDQ"
  >
    Welcome
  </h1>
  <h1
    className="sc-bwzfXH bVGCDQ"
  >
    Connect 5 Trainer
  </h1>
  <p
    className="sc-bxivhb cYGKpg"
  >
    If you are a Connect 5 trainer please register a new account or, if you have already registered, log in using your existing details.
  </p>
  <div
    className="sc-htpNat kXvQrY"
  >
    <a
      className="sc-ifAKCX ZsYgY"
      href="/trainer/register"
      onClick={[Function]}
    >
      Sign up
    </a>
    <a
      className="sc-ifAKCX ZsYgY"
      href="/trainer/login"
      onClick={[Function]}
    >
      Login
    </a>
  </div>
</div>
`;
